Copyright 1986-2016 Xilinx, Inc. All Rights Reserved.
------------------------------------------------------------------------------------
| Tool Version : Vivado v.2016.4 (win64) Build 1756540 Mon Jan 23 19:11:23 MST 2017
| Date         : Sun Apr 15 19:47:13 2018
| Host         : DESKTOP-RI3VCCC running 64-bit major release  (build 9200)
| Command      : report_control_sets -verbose -file VGA_1_control_sets_placed.rpt
| Design       : VGA_1
| Device       : xc7a35t
------------------------------------------------------------------------------------

Control Set Information

Table of Contents
-----------------
1. Summary
2. Flip-Flop Distribution
3. Detailed Control Set Information

1. Summary
----------

+----------------------------------------------------------+-------+
|                          Status                          | Count |
+----------------------------------------------------------+-------+
| Number of unique control sets                            |     4 |
| Unused register locations in slices containing registers |    20 |
+----------------------------------------------------------+-------+


2. Flip-Flop Distribution
-------------------------

+--------------+-----------------------+------------------------+-----------------+--------------+
| Clock Enable | Synchronous Set/Reset | Asynchronous Set/Reset | Total Registers | Total Slices |
+--------------+-----------------------+------------------------+-----------------+--------------+
| No           | No                    | No                     |               0 |            0 |
| No           | No                    | Yes                    |              14 |            5 |
| No           | Yes                   | No                     |               0 |            0 |
| Yes          | No                    | No                     |               0 |            0 |
| Yes          | No                    | Yes                    |              22 |            7 |
| Yes          | Yes                   | No                     |               0 |            0 |
+--------------+-----------------------+------------------------+-----------------+--------------+


3. Detailed Control Set Information
-----------------------------------

+----------------+--------------------------------------+------------------+------------------+----------------+
|  Clock Signal  |             Enable Signal            | Set/Reset Signal | Slice Load Count | Bel Load Count |
+----------------+--------------------------------------+------------------+------------------+----------------+
|  clk_IBUF_BUFG | vga_sync_unit/p_0_in                 | reset_IBUF       |                1 |              2 |
|  clk_IBUF_BUFG | vga_sync_unit/h_count_reg[9]_i_1_n_0 | reset_IBUF       |                2 |             10 |
|  clk_IBUF_BUFG | vga_sync_unit/v_count_reg0           | reset_IBUF       |                4 |             10 |
|  clk_IBUF_BUFG |                                      | reset_IBUF       |                5 |             14 |
+----------------+--------------------------------------+------------------+------------------+----------------+


+--------+-----------------------+
| Fanout | Number of ControlSets |
+--------+-----------------------+
| 2      |                     1 |
| 10     |                     2 |
| 14     |                     1 |
+--------+-----------------------+


