#-----------------------------------------------------------
# Vivado v2016.4 (64-bit)
# SW Build 1756540 on Mon Jan 23 19:11:23 MST 2017
# IP Build 1755317 on Mon Jan 23 20:30:07 MST 2017
# Start of session at: Wed Feb 15 12:01:30 2017
# Process ID: 11420
# Current directory: C:/Users/Shubhanshu Agarwal/Full_adder
# Command line: vivado.exe -gui_launcher_event rodinguilauncherevent10668 C:\Users\Shubhanshu Agarwal\Full_adder\Full_adder.xpr
# Log file: C:/Users/Shubhanshu Agarwal/Full_adder/vivado.log
# Journal file: C:/Users/Shubhanshu Agarwal/Full_adder\vivado.jou
#-----------------------------------------------------------
start_gui
open_project {C:/Users/Shubhanshu Agarwal/Full_adder/Full_adder.xpr}
synth_design -rtl -name rtl_1
reset_run synth_1
launch_runs synth_1 -jobs 2
wait_on_run synth_1
reset_run synth_1
launch_runs synth_1 -jobs 2 -scripts_only
wait_on_run synth_1
reset_run synth_1
launch_runs impl_1 -jobs 2 -scripts_only
wait_on_run impl_1
reset_run synth_1
launch_runs synth_1 -jobs 2 -scripts_only
wait_on_run synth_1
launch_simulation
source testbench.tcl
close_sim
